// Jest Snapshot v1, https://goo.gl/fbAQLP

exports[`ReceiveRequest should render correctly 1`] = `
<<<<<<< Updated upstream
<ReceiveRequest
  network="1"
  protectWalletModalVisible={[Function]}
  receiveAsset={Object {}}
  seedphraseBackedUp={true}
  selectedAddress="0x"
  showAlert={[Function]}
  ticker="ETH"
  toggleReceiveModal={[Function]}
/>
=======
<ContextProvider
  value={
    Object {
      "store": Object {
        "clearActions": [Function],
        "dispatch": [Function],
        "getActions": [Function],
        "getState": [Function],
        "replaceReducer": [Function],
        "subscribe": [Function],
      },
      "subscription": Subscription {
        "handleChangeWrapper": [Function],
        "listeners": Object {
          "notify": [Function],
        },
        "onStateChange": [Function],
        "parentSub": undefined,
        "store": Object {
          "clearActions": [Function],
          "dispatch": [Function],
          "getActions": [Function],
          "getState": [Function],
          "replaceReducer": [Function],
          "subscribe": [Function],
        },
        "unsubscribe": null,
      },
    }
  }
>
  <Component />
</ContextProvider>
>>>>>>> Stashed changes
`;
